--------------------------------------------------------------------------------
Release 14.7 Trace  (nt)
Copyright (c) 1995-2013 Xilinx, Inc.  All rights reserved.

C:\Xilinx\14.7\ISE_DS\ISE\bin\nt\unwrapped\trce.exe -intstyle ise -v 3 -s 3 -n
3 -fastpaths -xml Top.twx Top.ncd -o Top.twr Top.pcf -ucf Top.ucf

Design file:              Top.ncd
Physical constraint file: Top.pcf
Device,package,speed:     xc6slx16,csg324,C,-3 (PRODUCTION 1.23 2013-10-13)
Report level:             verbose report

Environment Variable      Effect 
--------------------      ------ 
NONE                      No environment variables were set
--------------------------------------------------------------------------------

INFO:Timing:2698 - No timing constraints found, doing default enumeration.
INFO:Timing:3412 - To improve timing, see the Timing Closure User Guide (UG612).
INFO:Timing:2752 - To get complete path coverage, use the unconstrained paths 
   option. All paths that are not constrained will be reported in the 
   unconstrained paths section(s) of the report.
INFO:Timing:3339 - The clock-to-out numbers in this timing report are based on 
   a 50 Ohm transmission line loading model.  For the details of this model, 
   and for more information on accounting for different loading conditions, 
   please see the device datasheet.



Data Sheet report:
-----------------
All values displayed in nanoseconds (ns)

Setup/Hold to clock iClk
------------+------------+------------+------------+------------+------------------+--------+
            |Max Setup to|  Process   |Max Hold to |  Process   |                  | Clock  |
Source      | clk (edge) |   Corner   | clk (edge) |   Corner   |Internal Clock(s) | Phase  |
------------+------------+------------+------------+------------+------------------+--------+
PS2_CLK     |    0.855(R)|      SLOW  |   -0.177(R)|      SLOW  |iClk_BUFGP        |   0.000|
PS2_DATA    |    2.444(R)|      SLOW  |   -0.307(R)|      SLOW  |iClk_BUFGP        |   0.000|
RsRx        |    1.586(R)|      SLOW  |   -0.149(R)|      SLOW  |iClk_BUFGP        |   0.000|
iReset      |    6.248(R)|      SLOW  |   -0.075(R)|      SLOW  |iClk_BUFGP        |   0.000|
------------+------------+------------+------------+------------+------------------+--------+

Clock iClk to Pad
------------+-----------------+------------+-----------------+------------+------------------+--------+
            |Max (slowest) clk|  Process   |Min (fastest) clk|  Process   |                  | Clock  |
Destination |  (edge) to PAD  |   Corner   |  (edge) to PAD  |   Corner   |Internal Clock(s) | Phase  |
------------+-----------------+------------+-----------------+------------+------------------+--------+
LedMouse<0> |         8.983(R)|      SLOW  |         5.117(R)|      FAST  |iClk_BUFGP        |   0.000|
LedMouse<1> |         9.069(R)|      SLOW  |         5.159(R)|      FAST  |iClk_BUFGP        |   0.000|
LedMouse<2> |         9.174(R)|      SLOW  |         5.237(R)|      FAST  |iClk_BUFGP        |   0.000|
LedMouse<3> |         9.101(R)|      SLOW  |         5.186(R)|      FAST  |iClk_BUFGP        |   0.000|
LedMouse<4> |         8.397(R)|      SLOW  |         4.694(R)|      FAST  |iClk_BUFGP        |   0.000|
LedMouse<5> |         8.881(R)|      SLOW  |         4.969(R)|      FAST  |iClk_BUFGP        |   0.000|
LedMouse<6> |         8.653(R)|      SLOW  |         4.889(R)|      FAST  |iClk_BUFGP        |   0.000|
LedMouse<7> |         8.872(R)|      SLOW  |         5.006(R)|      FAST  |iClk_BUFGP        |   0.000|
PS2_CLK     |         9.241(R)|      SLOW  |         4.783(R)|      FAST  |iClk_BUFGP        |   0.000|
PS2_DATA    |         9.114(R)|      SLOW  |         4.848(R)|      FAST  |iClk_BUFGP        |   0.000|
------------+-----------------+------------+-----------------+------------+------------------+--------+

Clock to Setup on destination clock iClk
---------------+---------+---------+---------+---------+
               | Src:Rise| Src:Fall| Src:Rise| Src:Fall|
Source Clock   |Dest:Rise|Dest:Rise|Dest:Fall|Dest:Fall|
---------------+---------+---------+---------+---------+
iClk           |    3.908|         |         |         |
---------------+---------+---------+---------+---------+


Analysis completed Tue Nov 11 18:57:30 2014 
--------------------------------------------------------------------------------

Trace Settings:
-------------------------
Trace Settings 

Peak Memory Usage: 155 MB



